// Jest Snapshot v1, https://goo.gl/fbAQLP

exports[`Pruebas en <AppRouter /> debe de mostrar el login en caso de nos estar autenticado 1`] = `
<div>
  <div
    class="container login-container"
  >
    <div
      class="row"
    >
      <div
        class="col-md-6 login-form-1"
      >
        <h3>
          Login to 
          <strong>
            Calendar App
          </strong>
          ðŸ“†
        </h3>
        <form>
          <div
            class="form-group mb-2"
          >
            <input
              class="form-control"
              name="loginEmail"
              placeholder="Email"
              type="text"
              value=""
            />
          </div>
          <div
            class="form-group mb-2"
          >
            <input
              class="form-control"
              name="loginPassword"
              placeholder="Password"
              type="password"
              value=""
            />
          </div>
          <div
            class="form-group mb-2 text-center"
          >
            <input
              class="btnSubmit"
              type="submit"
              value="Login"
            />
          </div>
        </form>
      </div>
      <div
        class="col-md-6 login-form-2"
      >
        <h3>
          Sign up
        </h3>
        <form>
          <div
            class="form-group mb-2"
          >
            <input
              class="form-control"
              name="registerName"
              placeholder="Full name"
              type="text"
              value=""
            />
          </div>
          <div
            class="form-group mb-2"
          >
            <input
              class="form-control"
              name="registerEmail"
              placeholder="Email"
              type="email"
              value=""
            />
          </div>
          <div
            class="form-group mb-2"
          >
            <input
              class="form-control"
              name="registerPassword"
              placeholder="Password"
              type="password"
              value=""
            />
          </div>
          <div
            class="form-group mb-2"
          >
            <input
              class="form-control"
              name="registerPassword2"
              placeholder="Confirm password"
              type="password"
              value=""
            />
          </div>
          <div
            class="form-group mb-2 text-center"
          >
            <input
              class="btnSubmit"
              type="submit"
              value="Sign up"
            />
          </div>
        </form>
      </div>
    </div>
  </div>
</div>
`;
